Command line invocation:
    /Applications/Xcode.app/Contents/Developer/usr/bin/xcodebuild -scheme FramePullMobile -destination "generic/platform=iOS Simulator" build

2026-03-13 12:46:00.584 xcodebuild[75304:8739513] [MT] IDERunDestination: Supported platforms for the buildables in the current scheme is empty.
ComputePackagePrebuildTargetDependencyGraph

Prepare packages

CreateBuildRequest

SendProjectDescription

CreateBuildOperation

ComputeTargetDependencyGraph
note: Building targets in dependency order
note: Target dependency graph (1 target)
    Target 'FramePullMobile' in project 'FramePullMobile' (no dependencies)

GatherProvisioningInputs

CreateBuildDescription

ExecuteExternalTool /Applications/Xcode.app/Contents/Developer/Toolchains/XcodeDefault.xctoolchain/usr/bin/clang -v -E -dM -isysroot /Applications/Xcode.app/Contents/Developer/Platforms/iPhoneSimulator.platform/Developer/SDKs/iPhoneSimulator26.2.sdk -x c -c /dev/null

ExecuteExternalTool /Applications/Xcode.app/Contents/Developer/Toolchains/XcodeDefault.xctoolchain/usr/bin/swiftc --version

ExecuteExternalTool /Applications/Xcode.app/Contents/Developer/Toolchains/XcodeDefault.xctoolchain/usr/bin/ld -version_details

Build description signature: 0d974c1001e25be2e8e6db475825b5e0
Build description path: /Users/carlooppermann/Library/Developer/Xcode/DerivedData/FramePullMobile-buhbnirpqbuhipdscgcrkfnkgwpa/Build/Intermediates.noindex/XCBuildData/0d974c1001e25be2e8e6db475825b5e0.xcbuilddata
ProcessProductPackaging "" /Users/carlooppermann/Library/Developer/Xcode/DerivedData/FramePullMobile-buhbnirpqbuhipdscgcrkfnkgwpa/Build/Intermediates.noindex/FramePullMobile.build/Debug-iphonesimulator/FramePullMobile.build/FramePull.app-Simulated.xcent (in target 'FramePullMobile' from project 'FramePullMobile')
    cd /Users/carlooppermann/Dropbox/_02_PRE_PRODUCTION/Claude\ Projects/framepull\ mobile/FramePullMobile
    
    Entitlements:
    
    {
    "application-identifier" = "V7R6ZR7F9Q.de.carlooppermann.FramePullMobile";
}
    
    builtin-productPackagingUtility -entitlements -format xml -o /Users/carlooppermann/Library/Developer/Xcode/DerivedData/FramePullMobile-buhbnirpqbuhipdscgcrkfnkgwpa/Build/Intermediates.noindex/FramePullMobile.build/Debug-iphonesimulator/FramePullMobile.build/FramePull.app-Simulated.xcent

ProcessProductPackagingDER /Users/carlooppermann/Library/Developer/Xcode/DerivedData/FramePullMobile-buhbnirpqbuhipdscgcrkfnkgwpa/Build/Intermediates.noindex/FramePullMobile.build/Debug-iphonesimulator/FramePullMobile.build/FramePull.app-Simulated.xcent /Users/carlooppermann/Library/Developer/Xcode/DerivedData/FramePullMobile-buhbnirpqbuhipdscgcrkfnkgwpa/Build/Intermediates.noindex/FramePullMobile.build/Debug-iphonesimulator/FramePullMobile.build/FramePull.app-Simulated.xcent.der (in target 'FramePullMobile' from project 'FramePullMobile')
    cd /Users/carlooppermann/Dropbox/_02_PRE_PRODUCTION/Claude\ Projects/framepull\ mobile/FramePullMobile
    /usr/bin/derq query -f xml -i /Users/carlooppermann/Library/Developer/Xcode/DerivedData/FramePullMobile-buhbnirpqbuhipdscgcrkfnkgwpa/Build/Intermediates.noindex/FramePullMobile.build/Debug-iphonesimulator/FramePullMobile.build/FramePull.app-Simulated.xcent -o /Users/carlooppermann/Library/Developer/Xcode/DerivedData/FramePullMobile-buhbnirpqbuhipdscgcrkfnkgwpa/Build/Intermediates.noindex/FramePullMobile.build/Debug-iphonesimulator/FramePullMobile.build/FramePull.app-Simulated.xcent.der --raw

ClangStatCache /Applications/Xcode.app/Contents/Developer/Toolchains/XcodeDefault.xctoolchain/usr/bin/clang-stat-cache /Applications/Xcode.app/Contents/Developer/Platforms/iPhoneSimulator.platform/Developer/SDKs/iPhoneSimulator26.2.sdk /Users/carlooppermann/Library/Developer/Xcode/DerivedData/SDKStatCaches.noindex/iphonesimulator26.2-23C57-7d00a8b37fbd7999ea79df8ebc024bf0.sdkstatcache
    cd /Users/carlooppermann/Dropbox/_02_PRE_PRODUCTION/Claude\ Projects/framepull\ mobile/FramePullMobile/FramePullMobile.xcodeproj
    /Applications/Xcode.app/Contents/Developer/Toolchains/XcodeDefault.xctoolchain/usr/bin/clang-stat-cache /Applications/Xcode.app/Contents/Developer/Platforms/iPhoneSimulator.platform/Developer/SDKs/iPhoneSimulator26.2.sdk -o /Users/carlooppermann/Library/Developer/Xcode/DerivedData/SDKStatCaches.noindex/iphonesimulator26.2-23C57-7d00a8b37fbd7999ea79df8ebc024bf0.sdkstatcache

ProcessInfoPlistFile /Users/carlooppermann/Library/Developer/Xcode/DerivedData/FramePullMobile-buhbnirpqbuhipdscgcrkfnkgwpa/Build/Products/Debug-iphonesimulator/FramePull.app/Info.plist /Users/carlooppermann/Dropbox/_02_PRE_PRODUCTION/Claude\ Projects/framepull\ mobile/FramePullMobile/Info.plist (in target 'FramePullMobile' from project 'FramePullMobile')
    cd /Users/carlooppermann/Dropbox/_02_PRE_PRODUCTION/Claude\ Projects/framepull\ mobile/FramePullMobile
    builtin-infoPlistUtility /Users/carlooppermann/Dropbox/_02_PRE_PRODUCTION/Claude\ Projects/framepull\ mobile/FramePullMobile/Info.plist -producttype com.apple.product-type.application -genpkginfo /Users/carlooppermann/Library/Developer/Xcode/DerivedData/FramePullMobile-buhbnirpqbuhipdscgcrkfnkgwpa/Build/Products/Debug-iphonesimulator/FramePull.app/PkgInfo -expandbuildsettings -format binary -platform iphonesimulator -o /Users/carlooppermann/Library/Developer/Xcode/DerivedData/FramePullMobile-buhbnirpqbuhipdscgcrkfnkgwpa/Build/Products/Debug-iphonesimulator/FramePull.app/Info.plist

SwiftDriver FramePullMobile normal arm64 com.apple.xcode.tools.swift.compiler (in target 'FramePullMobile' from project 'FramePullMobile')
    cd /Users/carlooppermann/Dropbox/_02_PRE_PRODUCTION/Claude\ Projects/framepull\ mobile/FramePullMobile
    builtin-SwiftDriver -- /Applications/Xcode.app/Contents/Developer/Toolchains/XcodeDefault.xctoolchain/usr/bin/swiftc -module-name FramePull -Onone -enforce-exclusivity\=checked @/Users/carlooppermann/Library/Developer/Xcode/DerivedData/FramePullMobile-buhbnirpqbuhipdscgcrkfnkgwpa/Build/Intermediates.noindex/FramePullMobile.build/Debug-iphonesimulator/FramePullMobile.build/Objects-normal/arm64/FramePull.SwiftFileList -DDEBUG -enable-bare-slash-regex -enable-experimental-feature DebugDescriptionMacro -sdk /Applications/Xcode.app/Contents/Developer/Platforms/iPhoneSimulator.platform/Developer/SDKs/iPhoneSimulator26.2.sdk -target arm64-apple-ios16.0-simulator -g -module-cache-path /Users/carlooppermann/Library/Developer/Xcode/DerivedData/ModuleCache.noindex -Xfrontend -serialize-debugging-options -enable-testing -index-store-path /Users/carlooppermann/Library/Developer/Xcode/DerivedData/FramePullMobile-buhbnirpqbuhipdscgcrkfnkgwpa/Index.noindex/DataStore -Xcc -D_LIBCPP_HARDENING_MODE\=_LIBCPP_HARDENING_MODE_DEBUG -swift-version 5 -I /Users/carlooppermann/Library/Developer/Xcode/DerivedData/FramePullMobile-buhbnirpqbuhipdscgcrkfnkgwpa/Build/Products/Debug-iphonesimulator -F /Users/carlooppermann/Library/Developer/Xcode/DerivedData/FramePullMobile-buhbnirpqbuhipdscgcrkfnkgwpa/Build/Products/Debug-iphonesimulator -c -j16 -enable-batch-mode -incremental -Xcc -ivfsstatcache -Xcc /Users/carlooppermann/Library/Developer/Xcode/DerivedData/SDKStatCaches.noindex/iphonesimulator26.2-23C57-7d00a8b37fbd7999ea79df8ebc024bf0.sdkstatcache -output-file-map /Users/carlooppermann/Library/Developer/Xcode/DerivedData/FramePullMobile-buhbnirpqbuhipdscgcrkfnkgwpa/Build/Intermediates.noindex/FramePullMobile.build/Debug-iphonesimulator/FramePullMobile.build/Objects-normal/arm64/FramePullMobile-OutputFileMap.json -use-frontend-parseable-output -save-temps -no-color-diagnostics -explicit-module-build -module-cache-path /Users/carlooppermann/Library/Developer/Xcode/DerivedData/FramePullMobile-buhbnirpqbuhipdscgcrkfnkgwpa/Build/Intermediates.noindex/SwiftExplicitPrecompiledModules -clang-scanner-module-cache-path /Users/carlooppermann/Library/Developer/Xcode/DerivedData/ModuleCache.noindex -sdk-module-cache-path /Users/carlooppermann/Library/Developer/Xcode/DerivedData/ModuleCache.noindex -serialize-diagnostics -emit-dependencies -emit-module -emit-module-path /Users/carlooppermann/Library/Developer/Xcode/DerivedData/FramePullMobile-buhbnirpqbuhipdscgcrkfnkgwpa/Build/Intermediates.noindex/FramePullMobile.build/Debug-iphonesimulator/FramePullMobile.build/Objects-normal/arm64/FramePull.swiftmodule -validate-clang-modules-once -clang-build-session-file /Users/carlooppermann/Library/Developer/Xcode/DerivedData/ModuleCache.noindex/Session.modulevalidation -Xcc -I/Users/carlooppermann/Library/Developer/Xcode/DerivedData/FramePullMobile-buhbnirpqbuhipdscgcrkfnkgwpa/Build/Intermediates.noindex/FramePullMobile.build/Debug-iphonesimulator/FramePullMobile.build/swift-overrides.hmap -emit-const-values -Xfrontend -const-gather-protocols-file -Xfrontend /Users/carlooppermann/Library/Developer/Xcode/DerivedData/FramePullMobile-buhbnirpqbuhipdscgcrkfnkgwpa/Build/Intermediates.noindex/FramePullMobile.build/Debug-iphonesimulator/FramePullMobile.build/Objects-normal/arm64/FramePullMobile_const_extract_protocols.json -Xcc -iquote -Xcc /Users/carlooppermann/Library/Developer/Xcode/DerivedData/FramePullMobile-buhbnirpqbuhipdscgcrkfnkgwpa/Build/Intermediates.noindex/FramePullMobile.build/Debug-iphonesimulator/FramePullMobile.build/FramePull-generated-files.hmap -Xcc -I/Users/carlooppermann/Library/Developer/Xcode/DerivedData/FramePullMobile-buhbnirpqbuhipdscgcrkfnkgwpa/Build/Intermediates.noindex/FramePullMobile.build/Debug-iphonesimulator/FramePullMobile.build/FramePull-own-target-headers.hmap -Xcc -I/Users/carlooppermann/Library/Developer/Xcode/DerivedData/FramePullMobile-buhbnirpqbuhipdscgcrkfnkgwpa/Build/Intermediates.noindex/FramePullMobile.build/Debug-iphonesimulator/FramePullMobile.build/FramePull-all-target-headers.hmap -Xcc -iquote -Xcc /Users/carlooppermann/Library/Developer/Xcode/DerivedData/FramePullMobile-buhbnirpqbuhipdscgcrkfnkgwpa/Build/Intermediates.noindex/FramePullMobile.build/Debug-iphonesimulator/FramePullMobile.build/FramePull-project-headers.hmap -Xcc -I/Users/carlooppermann/Library/Developer/Xcode/DerivedData/FramePullMobile-buhbnirpqbuhipdscgcrkfnkgwpa/Build/Products/Debug-iphonesimulator/include -Xcc -I/Users/carlooppermann/Library/Developer/Xcode/DerivedData/FramePullMobile-buhbnirpqbuhipdscgcrkfnkgwpa/Build/Intermediates.noindex/FramePullMobile.build/Debug-iphonesimulator/FramePullMobile.build/DerivedSources-normal/arm64 -Xcc -I/Users/carlooppermann/Library/Developer/Xcode/DerivedData/FramePullMobile-buhbnirpqbuhipdscgcrkfnkgwpa/Build/Intermediates.noindex/FramePullMobile.build/Debug-iphonesimulator/FramePullMobile.build/DerivedSources/arm64 -Xcc -I/Users/carlooppermann/Library/Developer/Xcode/DerivedData/FramePullMobile-buhbnirpqbuhipdscgcrkfnkgwpa/Build/Intermediates.noindex/FramePullMobile.build/Debug-iphonesimulator/FramePullMobile.build/DerivedSources -Xcc -DDEBUG\=1 -emit-objc-header -emit-objc-header-path /Users/carlooppermann/Library/Developer/Xcode/DerivedData/FramePullMobile-buhbnirpqbuhipdscgcrkfnkgwpa/Build/Intermediates.noindex/FramePullMobile.build/Debug-iphonesimulator/FramePullMobile.build/Objects-normal/arm64/FramePull-Swift.h -working-directory /Users/carlooppermann/Dropbox/_02_PRE_PRODUCTION/Claude\ Projects/framepull\ mobile/FramePullMobile -experimental-emit-module-separately -disable-cmo

SwiftDriver FramePullMobile normal x86_64 com.apple.xcode.tools.swift.compiler (in target 'FramePullMobile' from project 'FramePullMobile')
    cd /Users/carlooppermann/Dropbox/_02_PRE_PRODUCTION/Claude\ Projects/framepull\ mobile/FramePullMobile
    builtin-SwiftDriver -- /Applications/Xcode.app/Contents/Developer/Toolchains/XcodeDefault.xctoolchain/usr/bin/swiftc -module-name FramePull -Onone -enforce-exclusivity\=checked @/Users/carlooppermann/Library/Developer/Xcode/DerivedData/FramePullMobile-buhbnirpqbuhipdscgcrkfnkgwpa/Build/Intermediates.noindex/FramePullMobile.build/Debug-iphonesimulator/FramePullMobile.build/Objects-normal/x86_64/FramePull.SwiftFileList -DDEBUG -enable-bare-slash-regex -enable-experimental-feature DebugDescriptionMacro -sdk /Applications/Xcode.app/Contents/Developer/Platforms/iPhoneSimulator.platform/Developer/SDKs/iPhoneSimulator26.2.sdk -target x86_64-apple-ios16.0-simulator -g -module-cache-path /Users/carlooppermann/Library/Developer/Xcode/DerivedData/ModuleCache.noindex -Xfrontend -serialize-debugging-options -enable-testing -index-store-path /Users/carlooppermann/Library/Developer/Xcode/DerivedData/FramePullMobile-buhbnirpqbuhipdscgcrkfnkgwpa/Index.noindex/DataStore -Xcc -D_LIBCPP_HARDENING_MODE\=_LIBCPP_HARDENING_MODE_DEBUG -swift-version 5 -I /Users/carlooppermann/Library/Developer/Xcode/DerivedData/FramePullMobile-buhbnirpqbuhipdscgcrkfnkgwpa/Build/Products/Debug-iphonesimulator -F /Users/carlooppermann/Library/Developer/Xcode/DerivedData/FramePullMobile-buhbnirpqbuhipdscgcrkfnkgwpa/Build/Products/Debug-iphonesimulator -c -j16 -enable-batch-mode -incremental -Xcc -ivfsstatcache -Xcc /Users/carlooppermann/Library/Developer/Xcode/DerivedData/SDKStatCaches.noindex/iphonesimulator26.2-23C57-7d00a8b37fbd7999ea79df8ebc024bf0.sdkstatcache -output-file-map /Users/carlooppermann/Library/Developer/Xcode/DerivedData/FramePullMobile-buhbnirpqbuhipdscgcrkfnkgwpa/Build/Intermediates.noindex/FramePullMobile.build/Debug-iphonesimulator/FramePullMobile.build/Objects-normal/x86_64/FramePullMobile-OutputFileMap.json -use-frontend-parseable-output -save-temps -no-color-diagnostics -explicit-module-build -module-cache-path /Users/carlooppermann/Library/Developer/Xcode/DerivedData/FramePullMobile-buhbnirpqbuhipdscgcrkfnkgwpa/Build/Intermediates.noindex/SwiftExplicitPrecompiledModules -clang-scanner-module-cache-path /Users/carlooppermann/Library/Developer/Xcode/DerivedData/ModuleCache.noindex -sdk-module-cache-path /Users/carlooppermann/Library/Developer/Xcode/DerivedData/ModuleCache.noindex -serialize-diagnostics -emit-dependencies -emit-module -emit-module-path /Users/carlooppermann/Library/Developer/Xcode/DerivedData/FramePullMobile-buhbnirpqbuhipdscgcrkfnkgwpa/Build/Intermediates.noindex/FramePullMobile.build/Debug-iphonesimulator/FramePullMobile.build/Objects-normal/x86_64/FramePull.swiftmodule -validate-clang-modules-once -clang-build-session-file /Users/carlooppermann/Library/Developer/Xcode/DerivedData/ModuleCache.noindex/Session.modulevalidation -Xcc -I/Users/carlooppermann/Library/Developer/Xcode/DerivedData/FramePullMobile-buhbnirpqbuhipdscgcrkfnkgwpa/Build/Intermediates.noindex/FramePullMobile.build/Debug-iphonesimulator/FramePullMobile.build/swift-overrides.hmap -emit-const-values -Xfrontend -const-gather-protocols-file -Xfrontend /Users/carlooppermann/Library/Developer/Xcode/DerivedData/FramePullMobile-buhbnirpqbuhipdscgcrkfnkgwpa/Build/Intermediates.noindex/FramePullMobile.build/Debug-iphonesimulator/FramePullMobile.build/Objects-normal/x86_64/FramePullMobile_const_extract_protocols.json -Xcc -iquote -Xcc /Users/carlooppermann/Library/Developer/Xcode/DerivedData/FramePullMobile-buhbnirpqbuhipdscgcrkfnkgwpa/Build/Intermediates.noindex/FramePullMobile.build/Debug-iphonesimulator/FramePullMobile.build/FramePull-generated-files.hmap -Xcc -I/Users/carlooppermann/Library/Developer/Xcode/DerivedData/FramePullMobile-buhbnirpqbuhipdscgcrkfnkgwpa/Build/Intermediates.noindex/FramePullMobile.build/Debug-iphonesimulator/FramePullMobile.build/FramePull-own-target-headers.hmap -Xcc -I/Users/carlooppermann/Library/Developer/Xcode/DerivedData/FramePullMobile-buhbnirpqbuhipdscgcrkfnkgwpa/Build/Intermediates.noindex/FramePullMobile.build/Debug-iphonesimulator/FramePullMobile.build/FramePull-all-target-headers.hmap -Xcc -iquote -Xcc /Users/carlooppermann/Library/Developer/Xcode/DerivedData/FramePullMobile-buhbnirpqbuhipdscgcrkfnkgwpa/Build/Intermediates.noindex/FramePullMobile.build/Debug-iphonesimulator/FramePullMobile.build/FramePull-project-headers.hmap -Xcc -I/Users/carlooppermann/Library/Developer/Xcode/DerivedData/FramePullMobile-buhbnirpqbuhipdscgcrkfnkgwpa/Build/Products/Debug-iphonesimulator/include -Xcc -I/Users/carlooppermann/Library/Developer/Xcode/DerivedData/FramePullMobile-buhbnirpqbuhipdscgcrkfnkgwpa/Build/Intermediates.noindex/FramePullMobile.build/Debug-iphonesimulator/FramePullMobile.build/DerivedSources-normal/x86_64 -Xcc -I/Users/carlooppermann/Library/Developer/Xcode/DerivedData/FramePullMobile-buhbnirpqbuhipdscgcrkfnkgwpa/Build/Intermediates.noindex/FramePullMobile.build/Debug-iphonesimulator/FramePullMobile.build/DerivedSources/x86_64 -Xcc -I/Users/carlooppermann/Library/Developer/Xcode/DerivedData/FramePullMobile-buhbnirpqbuhipdscgcrkfnkgwpa/Build/Intermediates.noindex/FramePullMobile.build/Debug-iphonesimulator/FramePullMobile.build/DerivedSources -Xcc -DDEBUG\=1 -emit-objc-header -emit-objc-header-path /Users/carlooppermann/Library/Developer/Xcode/DerivedData/FramePullMobile-buhbnirpqbuhipdscgcrkfnkgwpa/Build/Intermediates.noindex/FramePullMobile.build/Debug-iphonesimulator/FramePullMobile.build/Objects-normal/x86_64/FramePull-Swift.h -working-directory /Users/carlooppermann/Dropbox/_02_PRE_PRODUCTION/Claude\ Projects/framepull\ mobile/FramePullMobile -experimental-emit-module-separately -disable-cmo

SwiftEmitModule normal x86_64 Emitting\ module\ for\ FramePull (in target 'FramePullMobile' from project 'FramePullMobile')

EmitSwiftModule normal x86_64 (in target 'FramePullMobile' from project 'FramePullMobile')
    cd /Users/carlooppermann/Dropbox/_02_PRE_PRODUCTION/Claude\ Projects/framepull\ mobile/FramePullMobile
    

SwiftCompile normal x86_64 Compiling\ ReviewSelectionView.swift /Users/carlooppermann/Dropbox/_02_PRE_PRODUCTION/Claude\ Projects/framepull\ mobile/FramePullMobile/Sources/App/ReviewSelectionView.swift (in target 'FramePullMobile' from project 'FramePullMobile')
SwiftCompile normal x86_64 /Users/carlooppermann/Dropbox/_02_PRE_PRODUCTION/Claude\ Projects/framepull\ mobile/FramePullMobile/Sources/App/ReviewSelectionView.swift (in target 'FramePullMobile' from project 'FramePullMobile')
    cd /Users/carlooppermann/Dropbox/_02_PRE_PRODUCTION/Claude\ Projects/framepull\ mobile/FramePullMobile
    
/Users/carlooppermann/Dropbox/_02_PRE_PRODUCTION/Claude Projects/framepull mobile/FramePullMobile/Sources/App/ReviewSelectionView.swift:64:29: error: cannot find 'ReviewCardView' in scope
                            ReviewCardView(item: item, videoURL: playerModel.url)
                            ^~~~~~~~~~~~~~

Failed frontend command:
/Applications/Xcode.app/Contents/Developer/Toolchains/XcodeDefault.xctoolchain/usr/bin/swift-frontend -frontend -c /Users/carlooppermann/Dropbox/_02_PRE_PRODUCTION/Claude\ Projects/framepull\ mobile/FramePullMobile/Sources/Core/BatchProcessor.swift /Users/carlooppermann/Dropbox/_02_PRE_PRODUCTION/Claude\ Projects/framepull\ mobile/FramePullMobile/Sources/App/ContentView.swift /Users/carlooppermann/Dropbox/_02_PRE_PRODUCTION/Claude\ Projects/framepull\ mobile/FramePullMobile/Sources/App/CustomTimelineView.swift /Users/carlooppermann/Dropbox/_02_PRE_PRODUCTION/Claude\ Projects/framepull\ mobile/FramePullMobile/Sources/App/CustomVideoPlayer.swift /Users/carlooppermann/Dropbox/_02_PRE_PRODUCTION/Claude\ Projects/framepull\ mobile/FramePullMobile/Sources/App/FramePullMobileApp.swift /Users/carlooppermann/Dropbox/_02_PRE_PRODUCTION/Claude\ Projects/framepull\ mobile/FramePullMobile/Sources/App/InteractableCard.swift /Users/carlooppermann/Dropbox/_02_PRE_PRODUCTION/Claude\ Projects/framepull\ mobile/FramePullMobile/Sources/Core/MarkingState.swift /Users/carlooppermann/Dropbox/_02_PRE_PRODUCTION/Claude\ Projects/framepull\ mobile/FramePullMobile/Sources/Core/Models.swift /Users/carlooppermann/Dropbox/_02_PRE_PRODUCTION/Claude\ Projects/framepull\ mobile/FramePullMobile/Sources/Core/ProcessingUtilities.swift -primary-file /Users/carlooppermann/Dropbox/_02_PRE_PRODUCTION/Claude\ Projects/framepull\ mobile/FramePullMobile/Sources/App/ReviewSelectionView.swift /Users/carlooppermann/Dropbox/_02_PRE_PRODUCTION/Claude\ Projects/framepull\ mobile/FramePullMobile/Sources/Core/SceneDetector.swift /Users/carlooppermann/Dropbox/_02_PRE_PRODUCTION/Claude\ Projects/framepull\ mobile/FramePullMobile/Sources/App/SimpleVideoPlayerView.swift /Users/carlooppermann/Dropbox/_02_PRE_PRODUCTION/Claude\ Projects/framepull\ mobile/FramePullMobile/Sources/Core/VideoProcessor.swift -emit-dependencies-path /Users/carlooppermann/Library/Developer/Xcode/DerivedData/FramePullMobile-buhbnirpqbuhipdscgcrkfnkgwpa/Build/Intermediates.noindex/FramePullMobile.build/Debug-iphonesimulator/FramePullMobile.build/Objects-normal/x86_64/ReviewSelectionView.d -emit-const-values-path /Users/carlooppermann/Library/Developer/Xcode/DerivedData/FramePullMobile-buhbnirpqbuhipdscgcrkfnkgwpa/Build/Intermediates.noindex/FramePullMobile.build/Debug-iphonesimulator/FramePullMobile.build/Objects-normal/x86_64/ReviewSelectionView.swiftconstvalues -emit-reference-dependencies-path /Users/carlooppermann/Library/Developer/Xcode/DerivedData/FramePullMobile-buhbnirpqbuhipdscgcrkfnkgwpa/Build/Intermediates.noindex/FramePullMobile.build/Debug-iphonesimulator/FramePullMobile.build/Objects-normal/x86_64/ReviewSelectionView.swiftdeps -serialize-diagnostics-path /Users/carlooppermann/Library/Developer/Xcode/DerivedData/FramePullMobile-buhbnirpqbuhipdscgcrkfnkgwpa/Build/Intermediates.noindex/FramePullMobile.build/Debug-iphonesimulator/FramePullMobile.build/Objects-normal/x86_64/ReviewSelectionView.dia -target x86_64-apple-ios16.0-simulator -module-can-import-version UIKit 9126.2.4.1 9126.2.4 -disable-cross-import-overlay-search -swift-module-cross-import AVKit /Applications/Xcode.app/Contents/Developer/Platforms/iPhoneSimulator.platform/Developer/SDKs/iPhoneSimulator.sdk/System/Library/Frameworks/AVKit.framework/Modules/AVKit.swiftcrossimport/SwiftUI.swiftoverlay -swift-module-cross-import AVKit /Applications/Xcode.app/Contents/Developer/Platforms/iPhoneSimulator.platform/Developer/SDKs/iPhoneSimulator26.2.sdk/System/Library/Frameworks/AVKit.framework/Modules/AVKit.swiftcrossimport/SwiftUI.swiftoverlay -load-resolved-plugin /Applications/Xcode.app/Contents/Developer/Platforms/iPhoneOS.platform/Developer/usr/lib/swift/host/plugins/libFoundationMacros.dylib\#/Applications/Xcode.app/Contents/Developer/Platforms/iPhoneOS.platform/Developer/usr/bin/swift-plugin-server\#FoundationMacros -load-resolved-plugin /Applications/Xcode.app/Contents/Developer/Platforms/iPhoneOS.platform/Developer/usr/lib/swift/host/plugins/libObservationMacros.dylib\#/Applications/Xcode.app/Contents/Developer/Platforms/iPhoneOS.platform/Developer/usr/bin/swift-plugin-server\#ObservationMacros -load-resolved-plugin /Applications/Xcode.app/Contents/Developer/Platforms/iPhoneOS.platform/Developer/usr/lib/swift/host/plugins/libPreviewsMacros.dylib\#/Applications/Xcode.app/Contents/Developer/Platforms/iPhoneOS.platform/Developer/usr/bin/swift-plugin-server\#PreviewsMacros -load-resolved-plugin /Applications/Xcode.app/Contents/Developer/Platforms/iPhoneOS.platform/Developer/usr/lib/swift/host/plugins/libSwiftMacros.dylib\#/Applications/Xcode.app/Contents/Developer/Platforms/iPhoneOS.platform/Developer/usr/bin/swift-plugin-server\#SwiftMacros -load-resolved-plugin /Applications/Xcode.app/Contents/Developer/Platforms/iPhoneOS.platform/Developer/usr/lib/swift/host/plugins/libSwiftUIMacros.dylib\#/Applications/Xcode.app/Contents/Developer/Platforms/iPhoneOS.platform/Developer/usr/bin/swift-plugin-server\#SwiftUIMacros -load-resolved-plugin /Applications/Xcode.app/Contents/Developer/Platforms/iPhoneOS.platform/Developer/usr/lib/swift/host/plugins/libTipKitMacros.dylib\#/Applications/Xcode.app/Contents/Developer/Platforms/iPhoneOS.platform/Developer/usr/bin/swift-plugin-server\#TipKitMacros -disable-implicit-swift-modules -Xcc -fno-implicit-modules -Xcc -fno-implicit-module-maps -explicit-swift-module-map-file /Users/carlooppermann/Library/Developer/Xcode/DerivedData/FramePullMobile-buhbnirpqbuhipdscgcrkfnkgwpa/Build/Intermediates.noindex/FramePullMobile.build/Debug-iphonesimulator/FramePullMobile.build/Objects-normal/x86_64/FramePull-dependencies-1.json -enable-objc-interop -sdk /Applications/Xcode.app/Contents/Developer/Platforms/iPhoneSimulator.platform/Developer/SDKs/iPhoneSimulator26.2.sdk -I /Users/carlooppermann/Library/Developer/Xcode/DerivedData/FramePullMobile-buhbnirpqbuhipdscgcrkfnkgwpa/Build/Products/Debug-iphonesimulator -F /Users/carlooppermann/Library/Developer/Xcode/DerivedData/FramePullMobile-buhbnirpqbuhipdscgcrkfnkgwpa/Build/Products/Debug-iphonesimulator -no-color-diagnostics -Xcc -fno-color-diagnostics -enable-testing -g -debug-info-format\=dwarf -dwarf-version\=4 -module-cache-path /Users/carlooppermann/Library/Developer/Xcode/DerivedData/FramePullMobile-buhbnirpqbuhipdscgcrkfnkgwpa/Build/Intermediates.noindex/SwiftExplicitPrecompiledModules -swift-version 5 -enforce-exclusivity\=checked -Onone -D DEBUG -serialize-debugging-options -const-gather-protocols-file /Users/carlooppermann/Library/Developer/Xcode/DerivedData/FramePullMobile-buhbnirpqbuhipdscgcrkfnkgwpa/Build/Intermediates.noindex/FramePullMobile.build/Debug-iphonesimulator/FramePullMobile.build/Objects-normal/x86_64/FramePullMobile_const_extract_protocols.json -enable-experimental-feature DebugDescriptionMacro -enable-bare-slash-regex -empty-abi-descriptor -validate-clang-modules-once -clang-build-session-file /Users/carlooppermann/Library/Developer/Xcode/DerivedData/ModuleCache.noindex/Session.modulevalidation -Xcc -working-directory -Xcc /Users/carlooppermann/Dropbox/_02_PRE_PRODUCTION/Claude\ Projects/framepull\ mobile/FramePullMobile -enable-anonymous-context-mangled-names -file-compilation-dir /Users/carlooppermann/Dropbox/_02_PRE_PRODUCTION/Claude\ Projects/framepull\ mobile/FramePullMobile -Xcc -D_LIBCPP_HARDENING_MODE\=_LIBCPP_HARDENING_MODE_DEBUG -Xcc -ivfsstatcache -Xcc /Users/carlooppermann/Library/Developer/Xcode/DerivedData/SDKStatCaches.noindex/iphonesimulator26.2-23C57-7d00a8b37fbd7999ea79df8ebc024bf0.sdkstatcache -Xcc -I/Users/carlooppermann/Library/Developer/Xcode/DerivedData/FramePullMobile-buhbnirpqbuhipdscgcrkfnkgwpa/Build/Intermediates.noindex/FramePullMobile.build/Debug-iphonesimulator/FramePullMobile.build/swift-overrides.hmap -Xcc -iquote -Xcc /Users/carlooppermann/Library/Developer/Xcode/DerivedData/FramePullMobile-buhbnirpqbuhipdscgcrkfnkgwpa/Build/Intermediates.noindex/FramePullMobile.build/Debug-iphonesimulator/FramePullMobile.build/FramePull-generated-files.hmap -Xcc -I/Users/carlooppermann/Library/Developer/Xcode/DerivedData/FramePullMobile-buhbnirpqbuhipdscgcrkfnkgwpa/Build/Intermediates.noindex/FramePullMobile.build/Debug-iphonesimulator/FramePullMobile.build/FramePull-own-target-headers.hmap -Xcc -I/Users/carlooppermann/Library/Developer/Xcode/DerivedData/FramePullMobile-buhbnirpqbuhipdscgcrkfnkgwpa/Build/Intermediates.noindex/FramePullMobile.build/Debug-iphonesimulator/FramePullMobile.build/FramePull-all-target-headers.hmap -Xcc -iquote -Xcc /Users/carlooppermann/Library/Developer/Xcode/DerivedData/FramePullMobile-buhbnirpqbuhipdscgcrkfnkgwpa/Build/Intermediates.noindex/FramePullMobile.build/Debug-iphonesimulator/FramePullMobile.build/FramePull-project-headers.hmap -Xcc -I/Users/carlooppermann/Library/Developer/Xcode/DerivedData/FramePullMobile-buhbnirpqbuhipdscgcrkfnkgwpa/Build/Products/Debug-iphonesimulator/include -Xcc -I/Users/carlooppermann/Library/Developer/Xcode/DerivedData/FramePullMobile-buhbnirpqbuhipdscgcrkfnkgwpa/Build/Intermediates.noindex/FramePullMobile.build/Debug-iphonesimulator/FramePullMobile.build/DerivedSources-normal/x86_64 -Xcc -I/Users/carlooppermann/Library/Developer/Xcode/DerivedData/FramePullMobile-buhbnirpqbuhipdscgcrkfnkgwpa/Build/Intermediates.noindex/FramePullMobile.build/Debug-iphonesimulator/FramePullMobile.build/DerivedSources/x86_64 -Xcc -I/Users/carlooppermann/Library/Developer/Xcode/DerivedData/FramePullMobile-buhbnirpqbuhipdscgcrkfnkgwpa/Build/Intermediates.noindex/FramePullMobile.build/Debug-iphonesimulator/FramePullMobile.build/DerivedSources -Xcc -DDEBUG\=1 -no-auto-bridging-header-chaining -module-name FramePull -frontend-parseable-output -disable-clang-spi -target-sdk-version 26.2 -target-sdk-name iphonesimulator26.2 -clang-target x86_64-apple-ios26.2-simulator -in-process-plugin-server-path /Applications/Xcode.app/Contents/Developer/Toolchains/XcodeDefault.xctoolchain/usr/lib/swift/host/libSwiftInProcPluginServer.dylib -o /Users/carlooppermann/Library/Developer/Xcode/DerivedData/FramePullMobile-buhbnirpqbuhipdscgcrkfnkgwpa/Build/Intermediates.noindex/FramePullMobile.build/Debug-iphonesimulator/FramePullMobile.build/Objects-normal/x86_64/ReviewSelectionView.o -index-unit-output-path /FramePullMobile.build/Debug-iphonesimulator/FramePullMobile.build/Objects-normal/x86_64/ReviewSelectionView.o -index-store-path /Users/carlooppermann/Library/Developer/Xcode/DerivedData/FramePullMobile-buhbnirpqbuhipdscgcrkfnkgwpa/Index.noindex/DataStore -index-system-modules
SwiftCompile normal arm64 Compiling\ ReviewSelectionView.swift /Users/carlooppermann/Dropbox/_02_PRE_PRODUCTION/Claude\ Projects/framepull\ mobile/FramePullMobile/Sources/App/ReviewSelectionView.swift (in target 'FramePullMobile' from project 'FramePullMobile')
SwiftCompile normal arm64 /Users/carlooppermann/Dropbox/_02_PRE_PRODUCTION/Claude\ Projects/framepull\ mobile/FramePullMobile/Sources/App/ReviewSelectionView.swift (in target 'FramePullMobile' from project 'FramePullMobile')
    cd /Users/carlooppermann/Dropbox/_02_PRE_PRODUCTION/Claude\ Projects/framepull\ mobile/FramePullMobile
    
/Users/carlooppermann/Dropbox/_02_PRE_PRODUCTION/Claude Projects/framepull mobile/FramePullMobile/Sources/App/ReviewSelectionView.swift:64:29: error: cannot find 'ReviewCardView' in scope
                            ReviewCardView(item: item, videoURL: playerModel.url)
                            ^~~~~~~~~~~~~~

SwiftEmitModule normal arm64 Emitting\ module\ for\ FramePull (in target 'FramePullMobile' from project 'FramePullMobile')

EmitSwiftModule normal arm64 (in target 'FramePullMobile' from project 'FramePullMobile')
    cd /Users/carlooppermann/Dropbox/_02_PRE_PRODUCTION/Claude\ Projects/framepull\ mobile/FramePullMobile
    

** BUILD FAILED **


The following build commands failed:
	SwiftCompile normal x86_64 /Users/carlooppermann/Dropbox/_02_PRE_PRODUCTION/Claude\ Projects/framepull\ mobile/FramePullMobile/Sources/App/ReviewSelectionView.swift (in target 'FramePullMobile' from project 'FramePullMobile')
	SwiftCompile normal x86_64 Compiling\ ReviewSelectionView.swift /Users/carlooppermann/Dropbox/_02_PRE_PRODUCTION/Claude\ Projects/framepull\ mobile/FramePullMobile/Sources/App/ReviewSelectionView.swift (in target 'FramePullMobile' from project 'FramePullMobile')
	SwiftCompile normal arm64 /Users/carlooppermann/Dropbox/_02_PRE_PRODUCTION/Claude\ Projects/framepull\ mobile/FramePullMobile/Sources/App/ReviewSelectionView.swift (in target 'FramePullMobile' from project 'FramePullMobile')
	Building project FramePullMobile with scheme FramePullMobile
(4 failures)
